[sigony.com/index.html]
[backblue.gif]
[fade.gif]
[index.html]
[sigony.com/wp-content/themes/salient/css/fonts/icomoon3cc5.woff]
[sigony.com/wp-content/plugins/seoai-client/gutenberg/content-editor/build/images/s-logo.88bc4401.png]
[sigony.com/comments/feed/index.html]
[sigony.com/feed/index.html]
[sigony.com/wp-content/themes/salient/css/build/grid-systemd8c7.css]
[sigony.com/wp-content/themes/salient/css/build/styled8c7.css]
[sigony.com/wp-content/themes/salient/css/build/header/header-layout-centered-menud8c7.css]
[sigony.com/wp-content/themes/salient/css/build/header/header-perma-transparentd8c7.css]
[sigony.com/wp-content/themes/salient/css/build/elements/element-scrolling-textd8c7.css]
[sigony.com/wp-content/themes/salient/css/build/elements/element-post-gridd8c7.css]
[sigony.com/wp-content/themes/salient/css/build/responsived8c7.css]
[sigony.com/wp-content/themes/salient/css/build/skin-materiald8c7.css]
[sigony.com/wp-content/uploads/salient/menu-dynamicd94a.css]
[sigony.com/wp-content/plugins/js_composer_salient/assets/css/js_composer.mind03b.css]
[sigony.com/wp-content/themes/salient/css/salient-dynamic-stylese9ed.css]
[sigony.com/wp-content/themes/salient-child/styled8c7.css]
[sigony.com/wp-content/plugins/breeze/assets/js/js-front-end/breeze-prefetch-links.min77e6.js]
[sigony.com/wp-json/wp/v2/pages/27099.json]
[sigony.com/wp-json/index.html]
[sigony.com/wp-json/oembed/1.0/embed3bad.json]
[sigony.com/wp-json/oembed/1.0/embed0808]
[connect.facebook.net/en_US/fbevents2f15.js]
[sigony.com/wp-content/uploads/2024/01/cropped-SIGO_NY_favicon_01-1-32x32.png]
[sigony.com/wp-content/uploads/2024/01/cropped-SIGO_NY_favicon_01-1-192x192.png]
[sigony.com/wp-content/uploads/2024/01/cropped-SIGO_NY_favicon_01-1-180x180.png]
[sigony.com/wp-content/uploads/2024/11/sigony_intro_placeholder_zoomed.jpg]
[sigony.com/contact/index.html]
[sigony.com/service-branding-and-design/index.html]
[sigony.com/wp-content/uploads/2024/11/sigo_intro_new_2024_small_zoomed.mp4]
[sigony.com/work-brand-identity-projects/index.html]
[sigony.com/about-behind-strategic-branding/index.html]
[sigony.com/nova-news-branding-tactics-articles/index.html]
[sigony.com/wp-content/uploads/2024/10/sigony_mars_placeholder_01.jpg]
[sigony.com/wp-content/uploads/2024/10/mars_homepage_3_small.mp4]
[sigony.com/wp-content/uploads/2024/10/sigony_sylvan_2024_short_small.mp4]
[sigony.com/portfolio/sylvan-foods-frozen-food-company-design/index.html]
[sigony.com/wp-content/uploads/2024/10/sigony_asteroids_placeholder_01.jpg]
[sigony.com/wp-content/uploads/2024/09/sigony_asteroids_2024.mp4]
[sigony.com/project-type/frozen-foods/index.html]
[sigony.com/portfolio/ansmedical-brand-redesign/index.html]
[sigony.com/wp-content/themes/salient/css/build/style-non-criticald8c7.css]
[sigony.com/project-type/clinical-labs/index.html]
[sigony.com/portfolio/pica-express-food-packaging-design/index.html]
[sigony.com/wp-content/themes/salient/css/build/plugins/jquery.fancybox3d36.css]
[sigony.com/wp-content/themes/salient/css/build/plugins/lenisd8c7.css]
[sigony.com/portfolio/kismera-product-label-design/index.html]
[sigony.com/project-type/snacks/index.html]
[sigony.com/wp-content/themes/salient/css/build/off-canvas/cored8c7.css]
[sigony.com/project-type/hair-products/index.html]
[sigony.com/privacy-policy/index.html]
[sigony.com/wp-content/themes/salient/css/build/off-canvas/fullscreen-legacyd8c7.css]
[sigony.com/wp-includes/js/jquery/jquery.minf43b.js]
[sigony.com/wp-includes/js/jquery/jquery-migrate.min5589.js]
[sigony.com/wp-content/themes/salient/js/build/third-party/jquery.easing.min4e44.js]
[sigony.com/wp-content/themes/salient/js/build/third-party/jquery.mousewheel.mina9d5.js]
[sigony.com/wp-content/themes/salient/js/build/priorityd8c7.js]
[sigony.com/wp-content/themes/salient/js/build/third-party/transit.mine2dc.js]
[sigony.com/wp-content/themes/salient/js/build/third-party/waypoints05da.js]
[sigony.com/wp-content/plugins/salient-portfolio/js/third-party/imagesLoaded.mineda1.js]
[sigony.com/wp-content/themes/salient/js/build/third-party/hoverintent.min3aa8.js]
[sigony.com/wp-content/themes/salient/js/build/third-party/jquery.fancybox7558.js]
[sigony.com/wp-content/themes/salient/js/build/third-party/anime.min8686.js]
[sigony.com/wp-content/themes/salient/js/build/third-party/superfish0322.js]
[sigony.com/wp-content/themes/salient/js/build/initd8c7.js]
[sigony.com/wp-content/themes/salient/js/build/elements/nectar-fit-textd8c7.js]
[sigony.com/wp-content/themes/salient/js/build/nectar-smooth-scrolld8c7.js]
[sigony.com/wp-content/plugins/salient-core/js/third-party/touchswipe.min5152.js]
[sigony.com/wp-content/plugins/breeze/assets/js/js-front-end/breeze-lazy-load.min77e6.js]
[sigony.com/wp-content/plugins/js_composer_salient/assets/js/dist/js_composer_front.mind03b.js]
[sigony.com/index.html]
[sigony.com/wp-content/themes/salient/css/build/grid-systemd8c7.css]
[sigony.com/wp-content/themes/salient/js/build/elements/nectar-post-grid-stackedd8c7.js]
[sigony.com/wp-content/themes/salient/img/icons/loading-white-bg.gif]
[sigony.com/wp-content/themes/salient/img/icons/quote.png]
[sigony.com/wp-content/themes/salient/img/icons/link.png]
[sigony.com/wp-content/themes/salient/img/icons/status.png]
[sigony.com/wp-content/themes/salient/img/icons/quote-2x.png]
[sigony.com/wp-content/themes/salient/img/icons/link-2x.png]
[sigony.com/wp-content/themes/salient/img/icons/portfolio-arrows.png]
[sigony.com/wp-content/themes/salient/img/icons/portfolio-arrows-2x.png]
[sigony.com/wp-content/themes/salient/img/icons/comment-children-line.jpg]
[sigony.com/wp-content/themes/salient/css/fonts/icomoon3cc5.eot]
[sigony.com/wp-content/themes/salient/css/fonts/icomoond41d.eot]
[sigony.com/wp-content/themes/salient/css/fonts/icomoon3cc5.ttf]
[sigony.com/wp-content/themes/salient/css/build/styled8c7.css]
[sigony.com/wp-content/themes/salient/css/build/header/header-layout-centered-menud8c7.css]
[sigony.com/wp-content/themes/salient/css/build/header/header-perma-transparentd8c7.css]
[sigony.com/wp-content/themes/salient/css/build/elements/element-scrolling-textd8c7.css]
[sigony.com/wp-content/themes/salient/css/build/elements/element-post-gridd8c7.css]
[sigony.com/wp-content/themes/salient/css/build/responsived8c7.css]
[sigony.com/wp-content/themes/salient/css/build/skin-materiald8c7.css]
[sigony.com/wp-content/uploads/salient/menu-dynamicd94a.css]
[sigony.com/wp-content/themes/salient/css/fonts/icomoon.svg]
[sigony.com/wp-content/plugins/js_composer_salient/assets/fonts/vc_icons_v2/fonts/vcpb-plugin-iconsb82a.eot]
[sigony.com/wp-content/plugins/js_composer_salient/assets/fonts/vc_icons_v2/fonts/vcpb-plugin-iconsb82a.ttf]
[sigony.com/wp-content/plugins/js_composer_salient/assets/fonts/vc_icons_v2/fonts/vcpb-plugin-iconsb82a.woff]
[sigony.com/wp-content/plugins/js_composer_salient/assets/fonts/vc_icons_v2/fonts/vcpb-plugin-iconsb82a.svg]
[sigony.com/wp-content/plugins/js_composer_salient/assets/images/toggle_open.png]
[sigony.com/wp-content/plugins/js_composer_salient/assets/images/toggle_close.png]
[sigony.com/wp-content/plugins/js_composer_salient/assets/fonts/vc_grid/vc_grid_v157a1.eot]
[sigony.com/wp-content/plugins/js_composer_salient/assets/fonts/vc_grid/vc_grid_v1d41d.eot]
[sigony.com/wp-content/plugins/js_composer_salient/assets/fonts/vc_grid/vc_grid_v157a1.woff]
[sigony.com/wp-content/plugins/js_composer_salient/assets/fonts/vc_grid/vc_grid_v157a1.ttf]
[sigony.com/wp-content/plugins/js_composer_salient/assets/fonts/vc_grid/vc_grid_v157a1.svg]
[sigony.com/wp-content/plugins/js_composer_salient/assets/images/spinner.gif]
[sigony.com/wp-content/plugins/js_composer_salient/assets/vc/tick.png]
[sigony.com/wp-content/plugins/js_composer_salient/assets/vc/remove.png]
[sigony.com/wp-content/plugins/js_composer_salient/assets/css/js_composer.mind03b.css]
[sigony.com/wp-content/themes/salient/css/salient-dynamic-stylese9ed.css]
[sigony.com/wp-content/themes/salient-child/styled8c7.css]
[sigony.com/POST]
[sigony.com/b.resolvedLink]
[sigony.com/signals/iwl.js]
[connect.facebook.net/en_US/fbevents2f15.js]
[www.googletagmanager.com/gtm5445.html]
[sigony.com/wp-json/wp/v2/pages/28023.json]
[sigony.com/wp-json/oembed/1.0/embed62a8.json]
[sigony.com/wp-json/oembed/1.0/embedacd5]
[sigony.com/wp-content/uploads/2024/10/sigony_boarding_placeholder_01.jpg]
[sigony.com/wp-content/uploads/2024/10/sigony_contact_02.mp4]
[assets.calendly.com/assets/external/widget.js]
[sigony.com/contact/index.html]
[sigony.com/wp-content/themes/salient/js/build/elements/nectar-text-inline-imagesd8c7.js]
[sigony.com/wp-content/themes/salient/css/build/elements/element-highlighted-textd8c7.css]
[sigony.com/wp-content/themes/salient/css/build/elements/element-team-memberd8c7.css]
[sigony.com/wp-json/wp/v2/pages/27812.json]
[sigony.com/wp-json/oembed/1.0/embedb665.json]
[sigony.com/wp-json/oembed/1.0/embedecba]
[sigony.com/wp-content/uploads/2023/08/sigony_logo_black.png]
[sigony.com/wp-content/uploads/2023/08/sigo_ny_logo_white@2x.png]
[sigony.com/wp-content/uploads/2023/08/sigony_logo_black@2x.png]
[sigony.com/wp-content/uploads/2023/08/sigo_ny_logo_white.png]
[sigony.com/wp-content/uploads/2024/10/sigony_city_placeholder_01.jpg]
[sigony.com/wp-content/uploads/2024/10/sigony_about_us.mp4]
[sigony.com/wp-content/uploads/2024/10/sigony_stars_placeholder_02.jpg]
[sigony.com/wp-content/uploads/2024/04/3176015-hd_1920_1080_25fps.mp4]
[sigony.com/wp-content/uploads/2024/04/mj_205.jpg]
[sigony.com/wp-content/uploads/2024/03/Eddie-Dee_Spaceman_1.jpg]
[sigony.com/wp-content/uploads/2024/03/mari_space_02.jpg]
[sigony.com/wp-content/uploads/2024/03/chris_spaceman_1.jpg]
[sigony.com/wp-content/uploads/2024/03/alexia_space.jpg]
[sigony.com/wp-content/uploads/2024/03/ari_space_4.jpg]
[sigony.com/wp-content/uploads/2024/03/dili_space_03.jpg]
[sigony.com/wp-content/uploads/2024/04/reyso_203.jpg]
[sigony.com/wp-content/uploads/2024/03/sigony_spacestation_1-scaled.jpg]
[sigony.com/about-behind-strategic-branding/index.html]
[sigony.com/wp-content/themes/salient/js/build/third-party/stickkit5152.js]
[sigony.com/wp-json/wp/v2/pages/27579.json]
[sigony.com/wp-json/oembed/1.0/embeda9a6.json]
[sigony.com/wp-json/oembed/1.0/embedf1d3]
[sigony.com/wp-content/uploads/2024/10/sigony_asteroids_placeholder_02.jpg]
[sigony.com/wp-content/uploads/2024/10/sigony_asteroids_small_work.mp4]
[sigony.com/wp-content/uploads/2024/09/ansmed_intro-video_sigony_small.mp4]
[sigony.com/wp-content/uploads/2024/09/pica_express_sigony_small.mp4]
[sigony.com/work-brand-identity-projects/index.html]
[sigony.com/portfolio/jaraba-website-redesign/index.html]
[sigony.com/wp-content/themes/salient/css/build/elements/element-horizontal-list-itemd8c7.css]
[sigony.com/project-type/stainless-steel/index.html]
[sigony.com/portfolio/rudoy-medical-corporate-identity-design/index.html]
[sigony.com/project-type/medical/index.html]
[sigony.com/wp-json/wp/v2/pages/234.json]
[sigony.com/wp-json/oembed/1.0/embed1eb4.json]
[sigony.com/wp-json/oembed/1.0/embedd263]
[sigony.com/wp-content/uploads/2024/10/sigony_stars_placeholder_01.jpg]
[sigony.com/wp-content/uploads/2024/04/sigony_brand-strategy_company_team.mp4]
[sigony.com/wp-content/uploads/2024/10/sigony_blackhole_color_placeholder_02.jpg]
[sigony.com/wp-content/uploads/2024/10/sigony_services_color_wormhole_small.mp4]
[sigony.com/service-branding-and-design/index.html]
[sigony.com/wp-json/wp/v2/pages/28201.json]
[sigony.com/wp-json/oembed/1.0/embedb0d6.json]
[sigony.com/wp-json/oembed/1.0/embedeaab]
[sigony.com/wp-content/uploads/2024/10/sigony_novanews_placeholder_02.jpg]
[sigony.com/nova-news-branding-tactics-articles/index.html]
[sigony.com/boost-ux-ui-design-with-seamless-workflow-management/index.html]
[sigony.com/crafting-a-cohesive-brand-identity/index.html]
[sigony.com/optimize-workflow-with-concept-maps-9-visual-strategies/index.html]
[sigony.com/wp-content/plugins/salient-portfolio/css/portfolio4b1d.css]
[sigony.com/7-essential-workflow-automation-tactics/index.html]
[sigony.com/optimize-sales-orders-with-ai-integration/index.html]
[sigony.com/boost-brand-trust-with-powerful-authentic-storytelling/index.html]
[sigony.com/powerful-brand-positioning-tactics-for-growth-part-2/index.html]
[sigony.com/wp-content/plugins/salient-social/css/style54f4.css]
[sigony.com/powerful-brand-positioning-tactics-for-growth-part-1/index.html]
[sigony.com/mastering-user-centered-design-9-essential-strategies-to-elevate-your-ux-ui-part-two/index.html]
[sigony.com/mastering-user-centered-design-9-essential-strategies-to-elevate-your-ux-ui-part-one/index.html]
[sigony.com/the-ultimate-guide-to-competitor-analysis/index.html]
[sigony.com/wp-content/themes/salient/css/build/singled8c7.css]
[sigony.com/how-shelf-to-sheet-inventory-transforms-workflow-management/index.html]
[sigony.com/unifying-brand-elements-7-essentials-of-corporate-branding-design/index.html]
[sigony.com/wp-content/themes/salient/css/build/elements/element-recent-postsd8c7.css]
[sigony.com/transform-your-brand-strategy-with-in-depth-market-research/index.html]
[sigony.com/from-chaos-to-order-mastering-workflow-management-creation/index.html]
[sigony.com/the-power-of-branding-design-crafting-an-unmistakable-brand-voice/index.html]
[sigony.com/how-brand-audit-drives-successful-strategies-for-businesses/index.html]
[sigony.com/wp-json/oembed/1.0/embeda83b.json]
[sigony.com/what-are-common-mistakes-in-measuring-brand-strategy/index.html]
[sigony.com/how-does-measuring-brand-strategy-impact-business-growth/index.html]
[sigony.com/what-is-color-psychology-in-marketing/index.html]
[sigony.com/wp-json/oembed/1.0/embed19a9]
[sigony.com/how-to-choose-the-right-method-for-measuring-brand-success/index.html]
[sigony.com/what-are-the-benefits-of-measuring-brand-strategy-success/index.html]
[sigony.com/what-are-the-key-metrics-for-brand-strategy-success/index.html]
[sigony.com/wp-content/uploads/2024/10/sigony_sylvan_placeholder_02.jpg]
[sigony.com/why-is-measuring-brand-strategy-success-important/index.html]
[sigony.com/wp-content/uploads/2024/10/sylvanfoods_video_image_pleaceholder_01.jpg]
[sigony.com/how-to-evaluate-brand-strategy-success-effectively/index.html]
[sigony.com/what-tools-help-in-measuring-brand-strategy-success/index.html]
[sigony.com/how-do-i-start-measuring-brand-strategy-success/index.html]
[sigony.com/wp-content/uploads/2024/09/sigony_kismera_small_01.mp4]
[sigony.com/how-to-evaluate-different-packaging-solutions/index.html]
[sigony.com/how-do-packaging-trends-influence-consumer-behavior/index.html]
[sigony.com/what-is-brand-strategy-success-and-why-measure-it/index.html]
[sigony.com/what-are-the-top-packaging-design-trends-this-year/index.html]
[sigony.com/portfolio/sylvan-foods-frozen-food-company-design/index.html]
[sigony.com/wp-content/plugins/salient-social/js/salient-social54f4.js]
[sigony.com/what-are-the-benefits-of-sustainable-packaging/index.html]
[sigony.com/what-are-eco-friendly-packaging-options-today/index.html]
[sigony.com/how-to-choose-the-right-packaging-for-your-product/index.html]
[sigony.com/wp-content/themes/salient/css/build/blog/auto-masonry-meta-overlaid-spacedd8c7.css]
[sigony.com/what-are-the-latest-product-packaging-trends/index.html]
[sigony.com/common-mistakes-in-responsive-web-design-and-how-to-avoid-them/index.html]
[sigony.com/how-do-packaging-trends-impact-brand-identity/index.html]
[sigony.com/what-to-consider-when-deciding-on-responsive-web-design/index.html]
[sigony.com/wp-content/plugins/salient-portfolio/js/third-party/isotope.mine87d.js]
[sigony.com/how-to-choose-the-right-responsive-web-design-service/index.html]
[sigony.com/responsive-web-design-essentials-a-beginners-guide/index.html]
[sigony.com/project-type/frozen-foods/index.html]
[sigony.com/wp-content/plugins/salient-portfolio/js/salient-portfolio4b1d.js]
[sigony.com/top-benefits-of-adopting-responsive-web-design-today/index.html]
[sigony.com/is-responsive-web-design-worth-the-cost/index.html]
[sigony.com/responsive-web-design-vs-traditional-design-whats-better/index.html]
[sigony.com/why-invest-in-responsive-web-design-for-your-business/index.html]
[sigony.com/wp-json/oembed/1.0/embedd072.json]
[sigony.com/what-is-responsive-web-design-and-why-is-it-essential/index.html]
[sigony.com/wp-json/oembed/1.0/embedac2f]
[sigony.com/how-does-responsive-web-design-improve-user-experience/index.html]
[sigony.com/wp-content/uploads/2024/10/sigony_ansmed_placeholder_02.jpg]
[sigony.com/how-can-ai-enhance-your-brand-identity-efforts/index.html]
[sigony.com/wp-content/uploads/2024/04/sigony_ansmed_lab-tech.mp4]
[sigony.com/what-are-common-mistakes-in-building-a-brand-identity/index.html]
[sigony.com/how-to-choose-the-right-brand-strategy-for-your-business/index.html]
[sigony.com/wp-content/uploads/2024/04/sigony_ansmed_blood-tubes.mp4]
[sigony.com/what-role-does-packaging-design-play-in-brand-identity/index.html]
[sigony.com/wp-content/uploads/2024/04/ansmed_techs_01.jpg]
[sigony.com/wp-content/uploads/2024/09/ansmed_sigony_tech_small.mp4]
[sigony.com/why-invest-in-a-brand-identity-system/index.html]
[sigony.com/what-are-the-benefits-of-a-cohesive-brand-identity/index.html]
[sigony.com/wp-content/uploads/2024/09/jaraba_intro_sigony_small.mp4]
[sigony.com/how-does-brand-identity-differ-from-brand-image/index.html]
[sigony.com/what-are-the-key-elements-of-a-brand-identity/index.html]
[sigony.com/wp-content/uploads/2024/03/sigony_rudoy-medical_therapy.mp4]
[sigony.com/how-to-build-a-strong-brand-identity-from-scratch/index.html]
[sigony.com/portfolio/ansmedical-brand-redesign/index.html]
[sigony.com/how-to-align-your-website-content-strategy-with-your-brand-identity/index.html]
[sigony.com/what-is-brand-identity-and-why-is-it-important/index.html]
[sigony.com/project-type/clinical-labs/index.html]
[sigony.com/what-tools-can-help-in-developing-a-website-content-strategy/index.html]
[sigony.com/what-are-common-mistakes-in-website-content-strategy-and-how-to-avoid-them/index.html]
[sigony.com/how-to-create-a-website-content-strategy-for-beginners/index.html]
[sigony.com/what-are-the-benefits-of-a-website-content-strategy-for-small-businesses/index.html]
[sigony.com/how-does-a-website-content-strategy-improve-user-engagement/index.html]
[sigony.com/what-are-the-key-components-of-an-effective-website-content-strategy/index.html]
[sigony.com/wp-json/oembed/1.0/embed0f45]
[sigony.com/how-to-decide-on-brand-colors-for-your-business/index.html]
[sigony.com/what-is-a-website-content-strategy-and-why-do-you-need-it/index.html]
[sigony.com/wp-content/uploads/2024/10/sigony_kismera_placeholder_02.jpg]
[sigony.com/portfolio/pica-express-food-packaging-design/index.html]
[sigony.com/how-does-color-psychology-influence-consumer-behavior/index.html]
[sigony.com/which-brands-use-color-psychology-effectively/index.html]
[sigony.com/project-type/snacks/index.html]
[sigony.com/what-are-the-benefits-of-color-psychology-in-branding/index.html]
[sigony.com/how-to-choose-brand-colors-using-psychology/index.html]
[sigony.com/why-does-color-psychology-matter-in-branding/index.html]
[sigony.com/what-is-color-psychology-in-branding/index.html]
[sigony.com/how-to-measure-the-success-of-your-website-content-strategy/index.html]
[sigony.com/wp-json/oembed/1.0/embed77f2]
[sigony.com/what-should-i-consider-when-selecting-packaging/index.html]
[sigony.com/how-does-a-website-content-strategy-impact-seo/index.html]
[sigony.com/wp-content/uploads/2024/10/sigony_ksimera_placeholder_02.jpg]
[sigony.com/what-are-common-mistakes-in-color-psychology-for-branding/index.html]
[sigony.com/what-are-the-best-colors-for-e-commerce-websites/index.html]
[sigony.com/how-to-evaluate-brand-colors-for-emotional-impact/index.html]
[sigony.com/is-color-psychology-effective-in-marketing/index.html]
[sigony.com/wp-content/uploads/2024/03/kismera-sigo-preview.mp4]
[sigony.com/what-colors-attract-customers/index.html]
[sigony.com/how-do-colors-affect-brand-perception/index.html]
[sigony.com/can-color-impact-online-sales/index.html]
[sigony.com/portfolio/kismera-product-label-design/index.html]
[sigony.com/project-type/hair-products/index.html]
[sigony.com/project-type/frozen-foods/feed/index.html]
[sigony.com/project-type/clinical-labs/feed/index.html]
[sigony.com/why-is-color-important-in-branding/index.html]
[sigony.com/project-type/snacks/feed/index.html]
[sigony.com/wp-includes/css/dist/block-library/style.min9704.css]
[sigony.com/project-type/hair-products/feed/index.html]
[sigony.com/wp-json/wp/v2/pages/3.json]
[sigony.com/wp-json/oembed/1.0/embed25c9.json]
[sigony.com/privacy-policy/index.html]
[sigony.com/wp-content/themes/salient/css/build/style-non-criticald8c7.css]
[sigony.com/wp-content/themes/salient/css/build/plugins/jquery.fancybox3d36.css]
[sigony.com/wp-content/themes/salient/css/build/plugins/lenisd8c7.css]
[sigony.com/wp-content/themes/salient/css/build/off-canvas/cored8c7.css]
[sigony.com/wp-content/themes/salient/css/build/off-canvas/fullscreen-legacyd8c7.css]
[sigony.com/wp-content/themes/salient/css/fonts/icomoon.svg]
[sigony.com/wp-content/plugins/js_composer_salient/assets/fonts/vc_icons_v2/fonts/vcpb-plugin-iconsb82a.svg]
[sigony.com/wp-content/plugins/js_composer_salient/assets/fonts/vc_grid/vc_grid_v157a1.svg]
[sigony.com/POST.html]
[sigony.com/b.html]
[sigony.com/signals/iwl.html]
[sigony.com/index4d3a.html]
[sigony.com/wp-content/themes/salient/css/build/elements/element-highlighted-textd8c7.css]
[sigony.com/wp-content/themes/salient/css/build/elements/element-team-memberd8c7.css]
[sigony.com/indexa10e.html]
[sigony.com/indexdf59.html]
[sigony.com/wp-json/oembed/1.0/embed9163]
[sigony.com/wp-json/oembed/1.0/embeded13.json]
[sigony.com/schema.org/index.html]
[sigony.com/wp-json/oembed/1.0/embed4c37]
[sigony.com/wp-content/uploads/2024/10/sigony_jaraba_placeholder_02.jpg]
[sigony.com/portfolio/jaraba-website-redesign/index.html]
[sigony.com/project-type/stainless-steel/index.html]
[sigony.com/project-type/stainless-steel/feed/index.html]
[sigony.com/wp-json/oembed/1.0/embed9b4b.json]
[sigony.com/wp-json/oembed/1.0/embed4797]
[sigony.com/wp-content/uploads/2024/10/sigony_rudoy-medical_placeholder_02.jpg]
[sigony.com/portfolio/rudoy-medical-corporate-identity-design/index.html]
[sigony.com/project-type/medical/index.html]
[sigony.com/wp-content/themes/salient/css/build/elements/element-horizontal-list-itemd8c7.css]
[sigony.com/index6cd9.html]
[sigony.com/indexffc9.html]
[sigony.com/project-type/medical/feed/index.html]
[sigony.com/wp-json/wp/v2/posts/25805.json]
[sigony.com/crafting-a-cohesive-brand-identity/feed/index.html]
[sigony.com/wp-json/oembed/1.0/embed9ae4.json]
[sigony.com/wp-json/oembed/1.0/embed6d4a]
[sigony.com/wp-content/uploads/2024/05/astro_jumping-out_2.jpg]
[sigony.com/crafting-a-cohesive-brand-identity/index.html]
[sigony.com/category/branding/index.html]
[sigony.com/author/msichani/index.html]
[sigony.com/wp-json/oembed/1.0/embeda60c.json]
[sigony.com/wp-json/oembed/1.0/embedb250]
[sigony.com/category/uncategorized/index.html]
[sigony.com/corporate-branding-design/index.html]
[sigony.com/author/guest/index.html]
[sigony.com/boost-ux-ui-design-with-seamless-workflow-management/feed/index.html]
[sigony.com/wp-content/uploads/2024/07/sigony_interface_01.jpg]
[sigony.com/boost-ux-ui-design-with-seamless-workflow-management/index.html]
[sigony.com/category/design/index.html]
[sigony.com/category/workflow-management/index.html]
[sigony.com/workflow-management-creation/index.html]
[sigony.com/power-of-digital-transformation-in-corporate-branding/index.html]
[sigony.com/wp-json/wp/v2/posts/25790.json]
[sigony.com/7-essential-workflow-automation-tactics/feed/index.html]
[sigony.com/wp-json/oembed/1.0/embed0369.json]
[sigony.com/wp-json/oembed/1.0/embedcabd]
[sigony.com/wp-content/uploads/2024/07/sigony_warehouse_11.jpg]
[sigony.com/7-essential-workflow-automation-tactics/index.html]
[sigony.com/wp-json/wp/v2/posts/23587.json]
[sigony.com/optimize-workflow-with-concept-maps-9-visual-strategies/feed/index.html]
[sigony.com/wp-json/oembed/1.0/embed5d23.json]
[sigony.com/wp-json/oembed/1.0/embedb2cc]
[sigony.com/wp-content/uploads/2024/08/sigony_map_01.jpg]
[sigony.com/optimize-workflow-with-concept-maps-9-visual-strategies/index.html]
[sigony.com/optimize-sales-orders-with-ai-integration/feed/index.html]
[sigony.com/wp-json/wp/v2/posts/23582.json]
[sigony.com/wp-json/oembed/1.0/embed21a6.json]
[sigony.com/wp-json/oembed/1.0/embede900]
[sigony.com/wp-content/uploads/2024/05/astro_warehouse_01.jpg]
[sigony.com/optimize-sales-orders-with-ai-integration/index.html]
[sigony.com/wp-json/wp/v2/posts/23565.json]
[sigony.com/category/strategy/index.html]
[sigony.com/category/news/index.html]
[sigony.com/wp-json/oembed/1.0/embed06a0.json]
[sigony.com/wp-json/oembed/1.0/embed70ad]
[sigony.com/wp-content/uploads/2024/07/sigony_space_battle_01.jpg]
[sigony.com/boost-brand-trust-with-powerful-authentic-storytelling/index.html]
[sigony.com/wp-json/wp/v2/posts/23544.json]
[sigony.com/powerful-brand-positioning-tactics-for-growth-part-2/feed/index.html]
[sigony.com/wp-json/oembed/1.0/embed287e.json]
[sigony.com/wp-json/oembed/1.0/embed7b4d]
[sigony.com/wp-content/uploads/2024/08/sigony_powerful_01.jpg]
[sigony.com/powerful-brand-positioning-tactics-for-growth-part-2/index.html]
[sigony.com/powerful-brand-positioning-tactics-for-growth-part-1/feed/index.html]
[sigony.com/wp-json/wp/v2/posts/23539.json]
[sigony.com/brand-strategy-company/index.html]
[sigony.com/wp-json/oembed/1.0/embedcd82.json]
[sigony.com/wp-json/oembed/1.0/embed62ef]
[sigony.com/wp-content/uploads/2024/08/sigony_powerful_02.jpg]
[sigony.com/powerful-brand-positioning-tactics-for-growth-part-1/index.html]
[sigony.com/wp-json/wp/v2/posts/23534.json]
[sigony.com/mastering-user-centered-design-9-essential-strategies-to-elevate-your-ux-ui-part-two/feed/index.html]
[sigony.com/wp-json/oembed/1.0/embeda9fa.json]
[sigony.com/wp-json/oembed/1.0/embed06a1]
[sigony.com/wp-content/uploads/2024/07/sigony_interface_03.jpg]
[sigony.com/corporate-branding-design]
[sigony.com/mastering-user-centered-design-9-essential-strategies-to-elevate-your-ux-ui-part-two/index.html]
[sigony.com/wp-json/wp/v2/posts/23527.json]
[sigony.com/mastering-user-centered-design-9-essential-strategies-to-elevate-your-ux-ui-part-one/feed/index.html]
[sigony.com/wp-json/oembed/1.0/embeddb20.json]
[sigony.com/wp-json/oembed/1.0/embed228e]
[sigony.com/wp-content/uploads/2024/07/sigony_interface_02.jpg]
[sigony.com/corporate-branding-desing]
[sigony.com/mastering-user-centered-design-9-essential-strategies-to-elevate-your-ux-ui-part-one/index.html]
[sigony.com/wp-json/wp/v2/posts/23511.json]
[sigony.com/the-ultimate-guide-to-competitor-analysis/feed/index.html]
[sigony.com/wp-json/oembed/1.0/embed5b77.json]
[sigony.com/wp-json/oembed/1.0/embed8a0e]
[sigony.com/wp-content/uploads/2024/07/sigony_socials_01.jpg]
[sigony.com/brand-strategy-company]
[sigony.com/the-ultimate-guide-to-competitor-analysis/index.html]
[sigony.com/how-shelf-to-sheet-inventory-transforms-workflow-management/feed/index.html]
[sigony.com/wp-json/wp/v2/posts/22887.json]
[sigony.com/wp-json/oembed/1.0/embede00f.json]
[sigony.com/wp-json/oembed/1.0/embedaa9c]
[sigony.com/wp-content/uploads/2024/07/sigony_warehouse_10.jpg]
[sigony.com/how-shelf-to-sheet-inventory-transforms-workflow-management/index.html]
[sigony.com/wp-json/wp/v2/posts/22884.json]
[sigony.com/unifying-brand-elements-7-essentials-of-corporate-branding-design/feed/index.html]
[sigony.com/wp-json/oembed/1.0/embeda570.json]
[sigony.com/wp-json/oembed/1.0/embed63f2]
[sigony.com/wp-content/uploads/2024/07/Unifying-Brand-Elements-7-Essentials-of-Corporate-Branding-Design.webp]
[sigony.com/unifying-brand-elements-7-essentials-of-corporate-branding-design/index.html]
[sigony.com/wp-json/wp/v2/posts/22881.json]
[sigony.com/transform-your-brand-strategy-with-in-depth-market-research/feed/index.html]
[sigony.com/wp-json/oembed/1.0/embed2162.json]
[sigony.com/wp-json/oembed/1.0/embedb697]
[sigony.com/wp-content/uploads/2024/07/sigony_transform_01.jpg]
[sigony.com/transform-your-brand-strategy-with-in-depth-market-research/index.html]
[sigony.com/from-chaos-to-order-mastering-workflow-management-creation/feed/index.html]
[sigony.com/wp-json/wp/v2/posts/22878.json]
[sigony.com/wp-json/oembed/1.0/embed76c7.json]
[sigony.com/wp-json/oembed/1.0/embedf222]
[sigony.com/wp-content/uploads/2024/07/sigony_chaos_01.jpg]
[sigony.com/from-chaos-to-order-mastering-workflow-management-creation/index.html]
[sigony.com/wp-json/wp/v2/posts/22748.json]
[sigony.com/wp-json/oembed/1.0/embedf113.json]
[sigony.com/wp-json/oembed/1.0/embed9eff]
[sigony.com/wp-content/uploads/2024/07/The-Power-of-Branding-Design-Crafting-an-Unmistakable-Brand-Voice.jpg]
[sigony.com/the-power-of-branding-design-crafting-an-unmistakable-brand-voice/index.html]
[sigony.com/wp-json/wp/v2/posts/22744.json]
[sigony.com/wp-json/oembed/1.0/embed541f.json]
[sigony.com/wp-json/oembed/1.0/embed6512]
[sigony.com/wp-content/uploads/2024/07/Brand-Audit-Drives-Successful-Strategies-for-Business.jpg]
[sigony.com/how-brand-audit-drives-successful-strategies-for-businesses/index.html]
[sigony.com/wp-json/wp/v2/posts/28555.json]
[sigony.com/wp-json/oembed/1.0/embed9ad3.json]
[sigony.com/wp-json/oembed/1.0/embed21d3]
[sigony.com/wp-content/uploads/2024/12/952-1734527937568-af804c93-0122-4144-b65b-708545399b40-1.webp]
[sigony.com/wp-content/uploads/2024/08/sigony_powerful_02-600x403.jpg]
[sigony.com/how-does-measuring-brand-strategy-impact-business-growth/index.html]
[sigony.com/wp-json/wp/v2/posts/28556.json]
[sigony.com/wp-json/oembed/1.0/embed4a17.json]
[sigony.com/wp-json/oembed/1.0/embed6e69]
[sigony.com/wp-content/uploads/2024/12/952-1734527938338-9b03e29e-da62-4c19-8cc1-7dfbd3566b9d-1.webp]
[sigony.com/what-are-common-mistakes-in-measuring-brand-strategy/index.html]
[sigony.com/wp-json/wp/v2/posts/28557.json]
[sigony.com/wp-json/oembed/1.0/embed2b34.json]
[sigony.com/wp-json/oembed/1.0/embeda2b8]
[sigony.com/wp-content/uploads/2024/12/952-1734527939087-2b50acc4-d20c-4d6b-8623-3de1131eaf0c-1.webp]
[sigony.com/how-to-choose-the-right-method-for-measuring-brand-success/index.html]
[sigony.com/wp-json/wp/v2/posts/28568.json]
[sigony.com/wp-json/oembed/1.0/embed84e5.json]
[sigony.com/wp-json/oembed/1.0/embed50ab]
[sigony.com/wp-content/uploads/2024/12/952-1734527938648-c63ced60-b620-4479-87bd-562c0b6239b8-1.webp]
[sigony.com/wp-content/uploads/2024/12/952-1734527938338-9b03e29e-da62-4c19-8cc1-7dfbd3566b9d-1-600x403.webp]
[sigony.com/what-is-color-psychology-in-marketing/index.html]
[sigony.com/wp-json/wp/v2/posts/28558.json]
[sigony.com/wp-json/oembed/1.0/embed166e.json]
[sigony.com/wp-json/oembed/1.0/embedfa78]
[sigony.com/wp-content/uploads/2024/12/952-1734527938362-037d8fc0-134c-481d-a440-f7509e8149ba-1.webp]
[sigony.com/what-are-the-benefits-of-measuring-brand-strategy-success/index.html]
[sigony.com/wp-json/wp/v2/posts/28554.json]
[sigony.com/wp-json/oembed/1.0/embeddf5e.json]
[sigony.com/wp-json/oembed/1.0/embed33c9]
[sigony.com/wp-content/uploads/2024/12/952-1734527938237-a3fb9ab4-1409-4dbd-9e7c-edb76cdb4373-1.webp]
[sigony.com/what-are-the-key-metrics-for-brand-strategy-success/index.html]
[sigony.com/wp-json/wp/v2/posts/28552.json]
[sigony.com/wp-json/oembed/1.0/embed265b.json]
[sigony.com/wp-json/oembed/1.0/embed959b]
[sigony.com/wp-content/uploads/2024/12/952-1734527938005-be8972ec-5a6b-400d-8b9b-ac9d807eaa96-1.webp]
[sigony.com/why-is-measuring-brand-strategy-success-important/index.html]
[sigony.com/wp-json/wp/v2/posts/28553.json]
[sigony.com/wp-json/oembed/1.0/embed0d7a.json]
[sigony.com/wp-json/oembed/1.0/embed87b8]
[sigony.com/wp-content/uploads/2024/12/952-1734527937608-2339c24f-afc3-4771-bde6-60a8e0f72e83-1.webp]
[sigony.com/how-to-evaluate-brand-strategy-success-effectively/index.html]
[sigony.com/wp-json/wp/v2/posts/28550.json]
[sigony.com/wp-json/oembed/1.0/embed8248.json]
[sigony.com/wp-json/oembed/1.0/embed5525]
[sigony.com/wp-content/uploads/2024/12/952-1734527937689-57a725f9-48b5-4b49-800b-69e9d2529f90-1.webp]
[sigony.com/how-do-i-start-measuring-brand-strategy-success/index.html]
[sigony.com/wp-json/wp/v2/posts/28551.json]
[sigony.com/wp-json/oembed/1.0/embeda113.json]
[sigony.com/wp-json/oembed/1.0/embeda00a]
[sigony.com/wp-content/uploads/2024/12/952-1734527940372-764d942b-c3e9-446a-9849-fe3463785b4e-1.webp]
[sigony.com/what-tools-help-in-measuring-brand-strategy-success/index.html]
[sigony.com/wp-json/wp/v2/posts/28541.json]
[sigony.com/wp-json/oembed/1.0/embedbcae.json]
[sigony.com/wp-json/oembed/1.0/embed67bd]
[sigony.com/wp-content/uploads/2024/07/sigony_transform_01-600x403.jpg]
[sigony.com/how-to-evaluate-different-packaging-solutions/index.html]
[sigony.com/wp-json/wp/v2/posts/28549.json]
[sigony.com/wp-json/oembed/1.0/embed6cf4.json]
[sigony.com/what-is-brand-strategy-success-and-why-measure-it/index.html]
[sigony.com/wp-json/oembed/1.0/embed42e5]
[sigony.com/wp-json/wp/v2/posts/28539.json]
[sigony.com/wp-json/oembed/1.0/embede330.json]
[sigony.com/how-do-packaging-trends-influence-consumer-behavior/index.html]
[sigony.com/wp-json/oembed/1.0/embed560d]
[sigony.com/wp-json/wp/v2/posts/28540.json]
[sigony.com/wp-json/oembed/1.0/embedfffe.json]
[sigony.com/wp-json/oembed/1.0/embed2630]
[sigony.com/wp-content/uploads/2024/07/sigony_interface_03-600x403.jpg]
[sigony.com/what-are-the-top-packaging-design-trends-this-year/index.html]
[sigony.com/wp-json/wp/v2/posts/28538.json]
[sigony.com/wp-json/oembed/1.0/embedbea5.json]
[sigony.com/wp-json/oembed/1.0/embedfe17]
[sigony.com/wp-content/uploads/2024/07/sigony_socials_01-600x403.jpg]
[sigony.com/what-are-the-benefits-of-sustainable-packaging/index.html]
[sigony.com/wp-json/wp/v2/posts/28536.json]
[sigony.com/wp-json/oembed/1.0/embedd23a.json]
[sigony.com/wp-json/oembed/1.0/embed45f7]
[sigony.com/wp-content/uploads/2024/12/952-1734527938237-a3fb9ab4-1409-4dbd-9e7c-edb76cdb4373-1-600x403.webp]
[sigony.com/wp-content/uploads/2024/12/952-1734527939087-2b50acc4-d20c-4d6b-8623-3de1131eaf0c-1-600x403.webp]
[sigony.com/what-are-eco-friendly-packaging-options-today/index.html]
[sigony.com/wp-json/wp/v2/posts/28537.json]
[sigony.com/how-to-choose-the-right-packaging-for-your-product/index.html]
[sigony.com/wp-json/oembed/1.0/embeda43a.json]
[sigony.com/wp-json/wp/v2/posts/28533.json]
[sigony.com/wp-json/oembed/1.0/embede1d0.json]
[sigony.com/what-are-the-latest-product-packaging-trends/index.html]
[sigony.com/wp-json/oembed/1.0/embed569e]
[sigony.com/wp-json/wp/v2/posts/28535.json]
[sigony.com/wp-json/oembed/1.0/embedf0df.json]
[sigony.com/wp-json/oembed/1.0/embed888a]
[sigony.com/wp-content/uploads/2024/11/952-1732865105913-f14381b2-1d5b-4e7d-ad78-ad42b033335b-1-600x403.webp]
[sigony.com/how-do-packaging-trends-impact-brand-identity/index.html]
[sigony.com/wp-json/wp/v2/posts/28531.json]
[sigony.com/wp-json/oembed/1.0/embed546d.json]
[sigony.com/wp-json/oembed/1.0/embedc695]
[sigony.com/wp-content/uploads/2024/07/sigony_warehouse_10-600x403.jpg]
[sigony.com/common-mistakes-in-responsive-web-design-and-how-to-avoid-them/index.html]
[sigony.com/wp-json/wp/v2/posts/28532.json]
[sigony.com/wp-json/oembed/1.0/embede403.json]
[sigony.com/what-to-consider-when-deciding-on-responsive-web-design/index.html]
[sigony.com/wp-json/oembed/1.0/embed25b5]
[sigony.com/wp-json/wp/v2/posts/28529.json]
[sigony.com/wp-json/oembed/1.0/embed76d6.json]
[sigony.com/wp-json/oembed/1.0/embed1474]
[sigony.com/wp-content/uploads/2024/12/952-1734527938005-be8972ec-5a6b-400d-8b9b-ac9d807eaa96-1-600x403.webp]
[sigony.com/how-to-choose-the-right-responsive-web-design-service/index.html]
[sigony.com/wp-json/wp/v2/posts/28530.json]
[sigony.com/wp-json/oembed/1.0/embed8f42.json]
[sigony.com/responsive-web-design-essentials-a-beginners-guide/index.html]
[sigony.com/wp-json/oembed/1.0/embed75e4]
[sigony.com/wp-json/wp/v2/posts/28527.json]
[sigony.com/top-benefits-of-adopting-responsive-web-design-today/index.html]
[sigony.com/wp-json/oembed/1.0/embed1b78.json]
[sigony.com/wp-json/wp/v2/posts/28528.json]
[sigony.com/wp-json/oembed/1.0/embedb308.json]
[sigony.com/is-responsive-web-design-worth-the-cost/index.html]
[sigony.com/wp-json/oembed/1.0/embedf46a]
[sigony.com/wp-json/wp/v2/posts/28525.json]
[sigony.com/wp-json/oembed/1.0/embedc2a8.json]
[sigony.com/responsive-web-design-vs-traditional-design-whats-better/index.html]
[sigony.com/wp-json/oembed/1.0/embedc970]
[sigony.com/wp-json/wp/v2/posts/28526.json]
[sigony.com/wp-json/oembed/1.0/embed63db.json]
[sigony.com/why-invest-in-responsive-web-design-for-your-business/index.html]
[sigony.com/wp-json/oembed/1.0/embedc55f]
[sigony.com/wp-json/wp/v2/posts/28523.json]
[sigony.com/wp-json/oembed/1.0/embeddd4a.json]
[sigony.com/what-is-responsive-web-design-and-why-is-it-essential/index.html]
[sigony.com/wp-json/oembed/1.0/embedda6f]
[sigony.com/wp-json/wp/v2/posts/28524.json]
[sigony.com/wp-json/oembed/1.0/embed8ef8.json]
[sigony.com/how-does-responsive-web-design-improve-user-experience/index.html]
[sigony.com/wp-json/oembed/1.0/embed0b73]
[sigony.com/wp-json/wp/v2/posts/28521.json]
[sigony.com/wp-json/oembed/1.0/embed6873.json]
[sigony.com/how-can-ai-enhance-your-brand-identity-efforts/index.html]
[sigony.com/wp-json/oembed/1.0/embed1f14]
[sigony.com/wp-json/wp/v2/posts/28522.json]
[sigony.com/wp-json/oembed/1.0/embeddfd4.json]
[sigony.com/what-are-common-mistakes-in-building-a-brand-identity/index.html]
[sigony.com/wp-json/oembed/1.0/embedd62e]
[sigony.com/wp-json/wp/v2/posts/28519.json]
[sigony.com/how-to-choose-the-right-brand-strategy-for-your-business/index.html]
[sigony.com/wp-json/oembed/1.0/embedcf3c.json]
[sigony.com/wp-json/wp/v2/posts/28520.json]
[sigony.com/wp-json/oembed/1.0/embed8d4c.json]
[sigony.com/what-role-does-packaging-design-play-in-brand-identity/index.html]
[sigony.com/wp-json/oembed/1.0/embedc7ce]
[sigony.com/wp-json/wp/v2/posts/28517.json]
[sigony.com/wp-json/oembed/1.0/embed4036.json]
[sigony.com/why-invest-in-a-brand-identity-system/index.html]
[sigony.com/wp-json/oembed/1.0/embed4154]
[sigony.com/wp-json/wp/v2/posts/28518.json]
[sigony.com/wp-json/oembed/1.0/embede756.json]
[sigony.com/what-are-the-benefits-of-a-cohesive-brand-identity/index.html]
[sigony.com/wp-json/oembed/1.0/embed0a45]
[sigony.com/wp-json/wp/v2/posts/28515.json]
[sigony.com/wp-json/oembed/1.0/embed676e.json]
[sigony.com/wp-content/uploads/2024/08/sigony_powerful_01-600x403.jpg]
[sigony.com/what-are-the-key-elements-of-a-brand-identity/index.html]
[sigony.com/wp-json/wp/v2/posts/28516.json]
[sigony.com/wp-json/oembed/1.0/embed8aa6.json]
[sigony.com/how-does-brand-identity-differ-from-brand-image/index.html]
[sigony.com/wp-json/oembed/1.0/embed5e2f]
[sigony.com/wp-json/wp/v2/posts/28514.json]
[sigony.com/wp-json/oembed/1.0/embed15da.json]
[sigony.com/how-to-build-a-strong-brand-identity-from-scratch/index.html]
[sigony.com/wp-json/oembed/1.0/embed026b]
[sigony.com/wp-json/wp/v2/posts/28512.json]
[sigony.com/wp-json/oembed/1.0/embed5318.json]
[sigony.com/how-to-align-your-website-content-strategy-with-your-brand-identity/index.html]
[sigony.com/wp-json/oembed/1.0/embed49ff]
[sigony.com/wp-json/wp/v2/posts/28513.json]
[sigony.com/wp-json/oembed/1.0/embed60bc.json]
[sigony.com/what-is-brand-identity-and-why-is-it-important/index.html]
[sigony.com/wp-json/oembed/1.0/embed60bd]
[sigony.com/wp-json/wp/v2/posts/28509.json]
[sigony.com/wp-json/oembed/1.0/embed0ad5.json]
[sigony.com/what-tools-can-help-in-developing-a-website-content-strategy/index.html]
[sigony.com/wp-json/oembed/1.0/embeddabf]
[sigony.com/wp-json/wp/v2/posts/28511.json]
[sigony.com/wp-json/oembed/1.0/embed28dd.json]
[sigony.com/what-are-common-mistakes-in-website-content-strategy-and-how-to-avoid-them/index.html]
[sigony.com/wp-json/oembed/1.0/embeda64d]
[sigony.com/wp-json/wp/v2/posts/28506.json]
[sigony.com/wp-json/oembed/1.0/embed7201.json]
[sigony.com/wp-json/oembed/1.0/embed2520]
[sigony.com/wp-content/uploads/2024/08/sigony_map_01-600x403.jpg]
[sigony.com/how-to-create-a-website-content-strategy-for-beginners/index.html]
[sigony.com/wp-json/wp/v2/posts/28507.json]
[sigony.com/wp-json/oembed/1.0/embedff38.json]
[sigony.com/what-are-the-benefits-of-a-website-content-strategy-for-small-businesses/index.html]
[sigony.com/wp-json/oembed/1.0/embedce05]
[sigony.com/wp-json/wp/v2/posts/28504.json]
[sigony.com/wp-json/oembed/1.0/embed39ed.json]
[sigony.com/how-does-a-website-content-strategy-improve-user-engagement/index.html]
[sigony.com/wp-json/wp/v2/posts/28505.json]
[sigony.com/wp-json/oembed/1.0/embedded5.json]
[sigony.com/what-are-the-key-components-of-an-effective-website-content-strategy/index.html]
[sigony.com/wp-json/oembed/1.0/embedb844]
[sigony.com/wp-json/wp/v2/posts/28501.json]
[sigony.com/wp-json/oembed/1.0/embed9a77.json]
[sigony.com/wp-json/oembed/1.0/embed9a34]
[sigony.com/wp-content/uploads/2024/12/952-1734527938648-c63ced60-b620-4479-87bd-562c0b6239b8-1-600x403.webp]
[sigony.com/how-to-decide-on-brand-colors-for-your-business/index.html]
[sigony.com/wp-json/wp/v2/posts/28503.json]
[sigony.com/wp-json/oembed/1.0/embed5251.json]
[sigony.com/what-is-a-website-content-strategy-and-why-do-you-need-it/index.html]
[sigony.com/wp-json/oembed/1.0/embed05a2]
[sigony.com/wp-json/wp/v2/posts/28497.json]
[sigony.com/wp-json/oembed/1.0/embede0f8.json]
[sigony.com/how-does-color-psychology-influence-consumer-behavior/index.html]
[sigony.com/wp-json/oembed/1.0/embed31cf]
[sigony.com/wp-json/wp/v2/posts/28498.json]
[sigony.com/wp-json/oembed/1.0/embedf4f2.json]
[sigony.com/which-brands-use-color-psychology-effectively/index.html]
[sigony.com/wp-json/oembed/1.0/embed58c2]
[sigony.com/wp-json/wp/v2/posts/28496.json]
[sigony.com/wp-json/oembed/1.0/embedeb24.json]
[sigony.com/wp-json/oembed/1.0/embed0781]
[sigony.com/wp-content/uploads/2024/12/952-1734527940372-764d942b-c3e9-446a-9849-fe3463785b4e-1-600x403.webp]
[sigony.com/what-are-the-benefits-of-color-psychology-in-branding/index.html]
[sigony.com/wp-json/wp/v2/posts/28495.json]
[sigony.com/wp-json/oembed/1.0/embedf18d.json]
[sigony.com/wp-json/oembed/1.0/embed0e24]
[sigony.com/wp-content/uploads/2024/12/952-1734527937568-af804c93-0122-4144-b65b-708545399b40-1-600x403.webp]
[sigony.com/how-to-choose-brand-colors-using-psychology/index.html]
[sigony.com/wp-json/wp/v2/posts/28493.json]
[sigony.com/wp-json/oembed/1.0/embed5f4d.json]
[sigony.com/wp-json/oembed/1.0/embed9067]
[sigony.com/wp-content/uploads/2024/11/952-1732865105913-f14381b2-1d5b-4e7d-ad78-ad42b033335b-1.webp]
[sigony.com/what-is-color-psychology-in-branding/index.html]
[sigony.com/wp-json/wp/v2/posts/28494.json]
[sigony.com/wp-json/oembed/1.0/embed9d66.json]
[sigony.com/wp-json/oembed/1.0/embedb1e7]
[sigony.com/wp-content/uploads/2024/07/sigony_chaos_01-600x403.jpg]
[sigony.com/why-does-color-psychology-matter-in-branding/index.html]
[sigony.com/wp-json/wp/v2/posts/28510.json]
[sigony.com/understanding-the-basics-of-sigo-ny-services/index.html]
[sigony.com/how-to-measure-the-success-of-your-website-content-strategy/index.html]
[sigony.com/wp-json/oembed/1.0/embedc54b]
[sigony.com/wp-json/wp/v2/posts/28542.json]
[sigony.com/wp-json/oembed/1.0/embed5495.json]
[sigony.com/wp-json/oembed/1.0/embedc8aa]
[sigony.com/wp-content/uploads/2024/07/sigony_space_battle_01-600x403.jpg]
[sigony.com/wp-content/uploads/2024/12/952-1734527938362-037d8fc0-134c-481d-a440-f7509e8149ba-1-600x403.webp]
[sigony.com/what-should-i-consider-when-selecting-packaging/index.html]
[sigony.com/wp-json/wp/v2/posts/28508.json]
[sigony.com/wp-json/oembed/1.0/embed1b2f.json]
[sigony.com/how-does-a-website-content-strategy-impact-seo/index.html]
[sigony.com/wp-json/oembed/1.0/embed10e0]
[sigony.com/wp-json/wp/v2/posts/28502.json]
[sigony.com/what-are-the-best-practices-for-using-color-in-branding/index.html]
[sigony.com/wp-json/oembed/1.0/embed6378.json]
[sigony.com/wp-json/oembed/1.0/embed7b13]
[sigony.com/wp-content/uploads/2024/12/952-1734527937608-2339c24f-afc3-4771-bde6-60a8e0f72e83-1-600x403.webp]
[sigony.com/what-are-common-mistakes-in-color-psychology-for-branding/index.html]
[sigony.com/wp-json/wp/v2/posts/28499.json]
[sigony.com/wp-json/oembed/1.0/embed02f0.json]
[sigony.com/how-to-evaluate-brand-colors-for-emotional-impact/index.html]
[sigony.com/wp-json/oembed/1.0/embed1369]
[sigony.com/wp-json/wp/v2/posts/28576.json]
[sigony.com/wp-json/oembed/1.0/embedfa37.json]
[sigony.com/what-are-the-best-colors-for-e-commerce-websites/index.html]
[sigony.com/wp-json/oembed/1.0/embed924c]
[sigony.com/wp-json/wp/v2/posts/28577.json]
[sigony.com/wp-json/oembed/1.0/embed1372.json]
[sigony.com/is-color-psychology-effective-in-marketing/index.html]
[sigony.com/wp-json/oembed/1.0/embed797d]
[sigony.com/wp-json/wp/v2/posts/28574.json]
[sigony.com/wp-json/oembed/1.0/embed4a33.json]
[sigony.com/wp-json/oembed/1.0/embeda6f2]
[sigony.com/wp-content/uploads/2024/07/sigony_warehouse_11-600x403.jpg]
[sigony.com/can-color-impact-online-sales/index.html]
[sigony.com/wp-json/wp/v2/posts/28575.json]
[sigony.com/wp-json/oembed/1.0/embed3fad.json]
[sigony.com/how-do-colors-affect-brand-perception/index.html]
[sigony.com/wp-json/oembed/1.0/embedbb89]
[sigony.com/wp-json/wp/v2/posts/28571.json]
[sigony.com/wp-json/oembed/1.0/embed51e1.json]
[sigony.com/what-colors-attract-customers/index.html]
[sigony.com/wp-json/oembed/1.0/embed3f16]
[sigony.com/how-to-choose-the-right-color-for-your-brand/index.html]
[sigony.com/wp-json/wp/v2/posts/28570.json]
[sigony.com/wp-json/oembed/1.0/embed63e5.json]
[sigony.com/why-is-color-important-in-branding/index.html]
[sigony.com/wp-json/oembed/1.0/embedc65b]
[sigony.com/wp-content/plugins/salient-portfolio/img/transparent.png]
[sigony.com/wp-content/plugins/salient-portfolio/css/portfolio4b1d.css]
[sigony.com/wp-content/plugins/salient-social/css/style54f4.css]
[sigony.com/wp-content/themes/salient/css/build/singled8c7.css]
[sigony.com/wp-content/themes/salient/css/build/elements/element-recent-postsd8c7.css]
[sigony.com/wp-content/themes/salient/css/build/blog/auto-masonry-meta-overlaid-spacedd8c7.css]
[sigony.com/index3ff6.html]
[sigony.com/index2fd1.html]
[sigony.com/indexcfca.html]
[sigony.com/wp-includes/css/dist/block-library/style.min9704.css]
[sigony.com/index2207.html]
[sigony.com/xmlrpc0db0.php]
[sigony.com/schema.org/index.html]
[sigony.com/indexe4b4.html]
[sigony.com/indexb033.html]
[sigony.com/indexce22.html]
[sigony.com/wp-json/oembed/1.0/embedeca1]
[sigony.com/wp-content/uploads/2024/09/sigony_kismera_blode_small.mp4]
[sigony.com/category/branding/index.html]
[sigony.com/category/branding/feed/index.html]
[sigony.com/wp-json/wp/v2/categories/54.json]
[sigony.com/author/msichani/index.html]
[sigony.com/author/msichani/feed/index.html]
[sigony.com/wp-json/wp/v2/users/1.json]
[sigony.com/corporate-branding-design/index.html]
[sigony.com/author/msichani/page/2/index.html]
[sigony.com/category/uncategorized/index.html]
[sigony.com/wp-json/wp/v2/categories/1.json]
[sigony.com/category/uncategorized/feed/index.html]
[sigony.com/category/uncategorized/page/2/index.html]
[sigony.com/category/uncategorized/page/3/index.html]
[sigony.com/category/uncategorized/page/7/index.html]
[sigony.com/author/guest/index.html]
[sigony.com/author/guest/feed/index.html]
[sigony.com/wp-json/wp/v2/users/3.json]
[sigony.com/index1c1f.html]
[sigony.com/author/guest/page/2/index.html]
[sigony.com/wp-json/wp/v2/posts/25797]
[sigony.com/author/guest/page/3/index.html]
[sigony.com/author/guest/page/7/index.html]
[sigony.com/category/design/index.html]
[sigony.com/wp-json/wp/v2/categories/55.json]
[sigony.com/category/design/feed/index.html]
[sigony.com/category/workflow-management/index.html]
[sigony.com/workflow-management-creation/index.html]
[sigony.com/category/workflow-management/feed/index.html]
[sigony.com/wp-json/wp/v2/categories/61.json]
[sigony.com/wp-json/oembed/1.0/embed735b.json]
[sigony.com/power-of-digital-transformation-in-corporate-branding/feed/index.html]
[sigony.com/wp-json/oembed/1.0/embed20a7]
[sigony.com/wp-content/uploads/2024/08/sigony_spaceship_01.jpg]
[sigony.com/power-of-digital-transformation-in-corporate-branding/index.html]
[sigony.com/index22fe.html]
[sigony.com/index38c6.html]
[sigony.com/indexa83e.html]
[sigony.com/category/news/index.html]
[sigony.com/wp-json/wp/v2/categories/20.json]
[sigony.com/category/news/feed/index.html]
[sigony.com/category/strategy/index.html]
[sigony.com/index09dc.html]
[sigony.com/index8305.html]
[sigony.com/brand-strategy-company/index.html]
[sigony.com/indexc57c.html]
[sigony.com/indexc6c0.html]
[sigony.com/corporate-branding-design.html]
[sigony.com/index25de.html]
[sigony.com/corporate-branding-desing.html]
[sigony.com/index4304.html]
[sigony.com/brand-strategy-company.html]
[sigony.com/indexc56d.html]
[sigony.com/index02f0.html]
[sigony.com/index62dd.html]
[sigony.com/index4d8a.html]
[sigony.com/indexc8e1.html]
[sigony.com/indexd503.html]
[sigony.com/index4771.html]
[sigony.com/index73bf.html]
[sigony.com/index9046.html]
[sigony.com/index0bbb.html]
[sigony.com/indexc290.html]
[sigony.com/indexb648.html]
[sigony.com/index2f44.html]
[sigony.com/indexed80.html]
[sigony.com/index0dda.html]
[sigony.com/indexca98.html]
[sigony.com/index87b4.html]
[sigony.com/index7d4a.html]
[sigony.com/index4e4f.html]
[sigony.com/indexd513.html]
[sigony.com/index0367.html]
[sigony.com/indexf89d.html]
[sigony.com/index19f9.html]
[sigony.com/category/strategy/feed/index.html]
[sigony.com/boost-brand-trust-with-powerful-authentic-storytelling/feed/index.html]
[sigony.com/wp-json/wp/v2/categories/59.json]
[sigony.com/index35a3.html]
[sigony.com/indexa825.html]
[sigony.com/indexb6c5.html]
[sigony.com/indexe450.html]
[sigony.com/index6e57.html]
[sigony.com/index7481.html]
[sigony.com/indexc661.html]
[sigony.com/index57ee.html]
[sigony.com/index5d53.html]
[sigony.com/index5546.html]
[sigony.com/index4379.html]
[sigony.com/index3067.html]
[sigony.com/indexda2f.html]
[sigony.com/index6788.html]
[sigony.com/indexf0ad.html]
[sigony.com/wp-json/oembed/1.0/embedb53d]
[sigony.com/index9c46.html]
[sigony.com/indexfa99.html]
[sigony.com/index6221.html]
[sigony.com/indexb808.html]
[sigony.com/index6023.html]
[sigony.com/indexc42a.html]
[sigony.com/index3e66.html]
[sigony.com/indexad99.html]
[sigony.com/index102b.html]
[sigony.com/indexa490.html]
[sigony.com/index1738.html]
[sigony.com/index5db9.html]
[sigony.com/index8891.html]
[sigony.com/wp-json/oembed/1.0/embeda50f]
[sigony.com/indexcc42.html]
[sigony.com/index1d93.html]
[sigony.com/indexd24c.html]
[sigony.com/index1299.html]
[sigony.com/indexfefc.html]
[sigony.com/index66b7.html]
[sigony.com/index229a.html]
[sigony.com/index9959.html]
[sigony.com/index0538.html]
[sigony.com/wp-json/oembed/1.0/embed4deb]
[sigony.com/wp-json/oembed/1.0/embed878b]
[sigony.com/wp-json/oembed/1.0/embed1a94]
[sigony.com/wp-json/wp/v2/posts/28425.json]
[sigony.com/wp-json/oembed/1.0/embed9c07.json]
[sigony.com/wp-json/oembed/1.0/embedd341]
[sigony.com/wp-content/uploads/2024/07/sigony_interface_01-600x403.jpg]
[sigony.com/understanding-the-basics-of-sigo-ny-services/index.html]
[sigony.com/index8545.html]
[sigony.com/index0de6.html]
[sigony.com/index20dc.html]
[sigony.com/wp-json/oembed/1.0/embedb1c8]
[sigony.com/wp-json/wp/v2/posts/28500.json]
[sigony.com/wp-json/oembed/1.0/embed792c.json]
[sigony.com/what-are-the-best-practices-for-using-color-in-branding/index.html]
[sigony.com/index472a.html]
[sigony.com/index792a.html]
[sigony.com/index4bc7.html]
[sigony.com/index37a4.html]
[sigony.com/index9e22.html]
[sigony.com/index23a6.html]
[sigony.com/index647b.html]
[sigony.com/wp-json/oembed/1.0/embed85ae]
[sigony.com/wp-json/wp/v2/posts/28572.json]
[sigony.com/wp-json/oembed/1.0/embed413b.json]
[sigony.com/how-to-choose-the-right-color-for-your-brand/index.html]
[sigony.com/index7439.html]
[sigony.com/index0666.html]
[sigony.com/2025/01/index.html]
[sigony.com/2024/12/index.html]
[sigony.com/2024/08/index.html]
[sigony.com/2024/07/index.html]
[sigony.com/author/msichani/page/2/index.html]
[sigony.com/category/uncategorized/page/2/index.html]
[sigony.com/wp-json/oembed/1.0/embed0e36]
[sigony.com/category/uncategorized/page/3/index.html]
[sigony.com/wp-json/oembed/1.0/embed79bf]
[sigony.com/category/uncategorized/page/7/index.html]
[sigony.com/author/guest/page/2/index.html]
[sigony.com/category/uncategorized/page/4/index.html]
[sigony.com/author/guest/page/3/index.html]
[sigony.com/author/guest/page/7/index.html]
[sigony.com/category/uncategorized/page/5/index.html]
[sigony.com/indexde4e.html]
[sigony.com/index8676.html]
[sigony.com/index8eb9.html]
[sigony.com/indexbd88.html]
[sigony.com/author/msichani/page/1/index.html]
[sigony.com/category/uncategorized/page/1/index.html]
[sigony.com/category/uncategorized/page/4/index.html]
[sigony.com/category/uncategorized/page/5/index.html]
[sigony.com/wp-json/wp/v2/posts/25782]
[sigony.com/author/guest/page/6/index.html]
[sigony.com/author/guest/page/4/index.html]
[sigony.com/author/guest/page/4/index.html]
[sigony.com/author/guest/page/6/index.html]
[sigony.com/author/guest/page/1/index.html]
[sigony.com/author/guest/page/5/index.html]
[sigony.com/author/guest/page/5/index.html]
[sigony.com/category/uncategorized/page/6/index.html]
[sigony.com/category/uncategorized/page/6/index.html]
